// Jest Snapshot v1, https://goo.gl/fbAQLP

exports[`SiteFooter is rendered correctly to match the snapshot 1`] = `
.emotion-0 {
  padding: 3rem 0;
  margin-top: 10rem;
  font-size: 1.5rem;
  text-align: center;
}

.emotion-6 {
  color: hsla(0, 0%, 40%);
}

<ThemeProvider
  theme={
    Object {
      "color": Object {
        "articleShareButtons": Object {
          "buttonWrapperDiv": Object {
            "shadow": "hsla(212, 72%, 75%)",
          },
        },
        "blogTitle": Object {
          "logoWrapperAnchor": Object {
            "textOnHover": "hsla(60, 72%, 65%)",
          },
        },
        "bodyHeader": Object {
          "titleAnchor": Object {
            "shadow": "hsla(148, 72%, 85%)",
          },
        },
        "categoryTag": Object {
          "anchor": Object {
            "bg": "hsla(212, 72%, 45%)",
            "bgOnHover": "hsla(212, 72%, 55%)",
            "shadow": "hsla(212, 72%, 75%)",
            "text": "white",
          },
        },
        "common": Object {
          "border": Object {
            "primary": "hsla(0, 0%, 50%)",
            "primaryLight": "hsla(0, 0%, 75%)",
          },
          "text": Object {
            "accent": "hsla(148, 72%, 45%)",
            "primary": "hsla(0, 0%, 15%)",
            "primaryLight": "hsla(0, 0%, 40%)",
            "secondary": "hsla(212, 72%, 35%)",
          },
        },
        "dateTime": Object {
          "isoDateTime": Object {
            "text": "hsla(212, 72%, 35%)",
          },
        },
        "global": Object {
          "body": Object {
            "bg": "hsla(60, 72%, 55%)",
          },
          "table": Object {
            "tr": Object {
              "bg2n": "hsla(148, 72%, 95%)",
            },
          },
        },
        "markdownRenderer": Object {
          "convertedMdBody": Object {
            "blockquote": Object {
              "border": "hsla(212, 72%, 95%)",
            },
          },
        },
        "siteHeader": Object {
          "header": Object {
            "bg": "hsla(148, 72%, 25%)",
            "shadow": "hsla(148, 72%, 15%)",
          },
          "innerWrapperFlexContainerDiv": Object {
            "shadow": "hsla(148, 72%, 15%)",
          },
        },
        "socialLinkWithIcon": Object {
          "socialLinkAnchor": Object {
            "textOnHover": "hsla(60, 72%, 55%)",
          },
        },
      },
    }
  }
>
  <SiteFooter>
    <Footer>
      <footer
        className="emotion-0 emotion-1"
      >
        <CopyRightParagraph>
          <p
            className="emotion-2 emotion-3"
          >
            Â© 2021
             
            <AuthorAnchor
              href="https://github.com/8ayac/blog.8ay.ac"
            >
              <a
                className="emotion-4 emotion-5"
                href="https://github.com/8ayac/blog.8ay.ac"
              >
                blog.8ay.ac
              </a>
            </AuthorAnchor>
             
            All Rights Reserved.
          </p>
        </CopyRightParagraph>
        <AboutGAParagraph>
          <p
            className="emotion-6 emotion-7"
          >
            This website uses Google Analytics, a web analytics service by Google. Google Analytics uses cookies, which are placed on your computer to help the website analyze how you use the site. You can prevent the the collection of your data by disabling cookies in your browser.
          </p>
        </AboutGAParagraph>
      </footer>
    </Footer>
  </SiteFooter>
</ThemeProvider>
`;
