// Jest Snapshot v1, https://goo.gl/fbAQLP

exports[`CategoryTag is rendered correctly to match the snapshot 1`] = `
.emotion-0 {
  padding: 0.2rem 1rem;
  font-size: 0.8em;
  color: white;
  -webkit-text-decoration: none;
  text-decoration: none;
  background-color: hsla(212, 72%, 50%);
  -webkit-filter: drop-shadow(
        2px 2px 1px hsla(212, 72%, 80%)
      );
  filter: drop-shadow(
        2px 2px 1px hsla(212, 72%, 80%)
      );
  border-radius: 3px;
}

.emotion-0:hover {
  color: white;
  background-color: hsla(212, 72%, 60%);
}

.emotion-0:visited {
  color: white;
}

<ThemeProvider
  theme={
    Object {
      "color": Object {
        "blue": Object {
          "base": "hsla(212, 72%, 60%)",
          "dark": "hsla(212, 72%, 50%)",
          "dark2": "hsla(212, 72%, 40%)",
          "dark3": "hsla(212, 72%, 30%)",
          "dark4": "hsla(212, 72%, 20%)",
          "light": "hsla(212, 72%, 70%)",
          "light2": "hsla(212, 72%, 80%)",
          "light3": "hsla(212, 72%, 90%)",
        },
        "border": Object {
          "primary": "hsla(0, 0%, 50%)",
          "primaryLight": "hsla(0, 0%, 75%)",
        },
        "green": Object {
          "base": "hsla(148, 72%, 60%)",
          "dark": "hsla(148, 72%, 50%)",
          "dark2": "hsla(148, 72%, 40%)",
          "dark3": "hsla(148, 72%, 30%)",
          "dark4": "hsla(148, 72%, 20%)",
          "light": "hsla(148, 72%, 70%)",
          "light2": "hsla(148, 72%, 80%)",
          "light3": "hsla(148, 72%, 90%)",
        },
        "primary": "hsla(212, 72%, 60%)",
        "primaryDark": "hsla(212, 72%, 50%)",
        "primaryLight": "hsla(212, 72%, 70%)",
        "text": Object {
          "accent": "hsla(148, 72%, 50%)",
          "primary": "hsla(0, 0%, 15%)",
          "primaryLight": "hsla(0, 0%, 40%)",
          "secondary": "hsla(212, 72%, 40%)",
        },
        "yellow": Object {
          "base": "hsla(60, 72%, 60%)",
          "dark": "hsla(60, 72%, 50%)",
          "dark2": "hsla(60, 72%, 40%)",
          "dark3": "hsla(60, 72%, 30%)",
          "dark4": "hsla(60, 72%, 20%)",
          "light": "hsla(60, 72%, 70%)",
          "light2": "hsla(60, 72%, 80%)",
          "light3": "hsla(60, 72%, 90%)",
        },
      },
    }
  }
>
  <CategoryTag
    name="test-cat"
  >
    <Link
      href="/tags/test-cat"
      passHref={true}
    >
      <Anchor
        href="/tags/test-cat"
        onClick={[Function]}
        onMouseEnter={[Function]}
      >
        <a
          className="emotion-0 emotion-1"
          href="/tags/test-cat"
          onClick={[Function]}
          onMouseEnter={[Function]}
        >
          test-cat
        </a>
      </Anchor>
    </Link>
  </CategoryTag>
</ThemeProvider>
`;
